// Jest Snapshot v1, https://goo.gl/fbAQLP

exports[`Property should render correctly 1`] = `
<li
  class="sc-eCApnc lfPdvz"
>
  <div
    class="sc-jSFjdj jfKPoc"
  >
    <div
      class="sc-iCoGMd jOEuIw"
    >
      <img
        alt="Property 1"
        class="sc-fujyAs dqEviu"
        src="house.jpeg"
      />
    </div>
    <div
      class="sc-bdnxRM bDiZob"
    >
      <div
        class="sc-gtsrHT JXsyT"
      >
        <h4
          class="sc-dlnjwi"
        >
          tenant
        </h4>
        <h5
          class="sc-hKFxyN cLDGBv"
        >
          Matias
        </h5>
      </div>
      <div
        class="sc-gtsrHT JXsyT"
      >
        <h4
          class="sc-dlnjwi"
        >
          rooms
        </h4>
        <h5
          class="sc-hKFxyN cLDGBv"
        >
          3
        </h5>
      </div>
      <div
        class="sc-gtsrHT JXsyT"
      >
        <h4
          class="sc-dlnjwi"
        >
          size
        </h4>
        <h5
          class="sc-hKFxyN cLDGBv"
        >
          40mt2
        </h5>
      </div>
      <div
        class="sc-gtsrHT JXsyT"
      >
        <h4
          class="sc-dlnjwi"
        >
          address
        </h4>
        <h5
          class="sc-hKFxyN cLDGBv"
        >
          abc
        </h5>
      </div>
      <div
        class="sc-gtsrHT JXsyT"
      >
        <h4
          class="sc-dlnjwi"
        >
          utilities
        </h4>
        <h5
          class="sc-hKFxyN cLDGBv"
        >
          def
        </h5>
      </div>
    </div>
    <div
      class="sc-gKAaRy cNpYlU"
    >
      <a
        class="sc-pNWdM jsDhds"
        href="/property/1"
      >
        viewMore
      </a>
    </div>
  </div>
</li>
`;
